src/modules/user/Category.tsx(314,41): error TS2322: Type '{ ringColor: string; } | {}' is not assignable to type 'CSSProperties | undefined'.
  Object literal may only specify known properties, and 'ringColor' does not exist in type 'Properties<string | number, string & {}>'.
src/modules/user/Category.tsx(563,32): error TS2353: Object literal may only specify known properties, and 'ringColor' does not exist in type 'Properties<string | number, string & {}>'.
src/modules/user/Checkout.tsx(1947,63): error TS2353: Object literal may only specify known properties, and 'ringColor' does not exist in type 'Properties<string | number, string & {}>'.
src/modules/user/Wishlist.tsx(111,23): error TS2322: Type '{ children: Element; whileHold: { scale: number; }; whileTap: { scale: number; }; onClick: () => Promise<void>; className: string; }' is not assignable to type 'IntrinsicAttributes & HTMLAttributesWithoutMotionProps<ButtonHTMLAttributes<HTMLButtonElement>, HTMLButtonElement> & MotionProps & RefAttributes<...>'.
  Property 'whileHold' does not exist on type 'IntrinsicAttributes & HTMLAttributesWithoutMotionProps<ButtonHTMLAttributes<HTMLButtonElement>, HTMLButtonElement> & MotionProps & RefAttributes<...>'.
